// Jest Snapshot v1, https://goo.gl/fbAQLP

exports[`#180 T3 — the pipeline's aggregations, recorded value by value the answers, as one table 1`] = `
{
  "all null": {
    "AVG": null,
    "COUNT": 2,
    "COUNT_DISTINCT": 0,
    "MAX": null,
    "MEDIAN": null,
    "MIN": null,
    "PCT_EMPTY": 100,
    "PCT_NOT_EMPTY": 0,
    "RANGE": null,
    "STD_DEV": null,
    "SUM": 0,
  },
  "booleans": {
    "AVG": null,
    "COUNT": 2,
    "COUNT_DISTINCT": 2,
    "MAX": null,
    "MEDIAN": null,
    "MIN": null,
    "PCT_EMPTY": 0,
    "PCT_NOT_EMPTY": 100,
    "RANGE": null,
    "STD_DEV": null,
    "SUM": 0,
  },
  "empty": {
    "AVG": null,
    "COUNT": 0,
    "COUNT_DISTINCT": 0,
    "MAX": null,
    "MEDIAN": null,
    "MIN": null,
    "PCT_EMPTY": null,
    "PCT_NOT_EMPTY": null,
    "RANGE": null,
    "STD_DEV": null,
    "SUM": 0,
  },
  "empty strings": {
    "AVG": null,
    "COUNT": 2,
    "COUNT_DISTINCT": 1,
    "MAX": null,
    "MEDIAN": null,
    "MIN": null,
    "PCT_EMPTY": 100,
    "PCT_NOT_EMPTY": 0,
    "RANGE": null,
    "STD_DEV": null,
    "SUM": 0,
  },
  "mixed": {
    "AVG": 2,
    "COUNT": 4,
    "COUNT_DISTINCT": 3,
    "MAX": 3,
    "MEDIAN": 2,
    "MIN": 1,
    "PCT_EMPTY": 25,
    "PCT_NOT_EMPTY": 75,
    "RANGE": 2,
    "STD_DEV": 1,
    "SUM": 4,
  },
  "numbers": {
    "AVG": 2,
    "COUNT": 3,
    "COUNT_DISTINCT": 3,
    "MAX": 3,
    "MEDIAN": 2,
    "MIN": 1,
    "PCT_EMPTY": 0,
    "PCT_NOT_EMPTY": 100,
    "RANGE": 2,
    "STD_DEV": 0.816496580927726,
    "SUM": 6,
  },
  "numeric strings": {
    "AVG": 1.5,
    "COUNT": 2,
    "COUNT_DISTINCT": 2,
    "MAX": 2,
    "MEDIAN": 1.5,
    "MIN": 1,
    "PCT_EMPTY": 0,
    "PCT_NOT_EMPTY": 100,
    "RANGE": 1,
    "STD_DEV": 0.5,
    "SUM": 3,
  },
  "text only": {
    "AVG": null,
    "COUNT": 2,
    "COUNT_DISTINCT": 2,
    "MAX": null,
    "MEDIAN": null,
    "MIN": null,
    "PCT_EMPTY": 0,
    "PCT_NOT_EMPTY": 100,
    "RANGE": null,
    "STD_DEV": null,
    "SUM": 0,
  },
}
`;
